apiVersion: v1
kind: Service
metadata:
  creationTimestamp: null
  labels:
    app: camunda-platform
    app.kubernetes.io/component: core
    app.kubernetes.io/instance: camunda-orchestration
    app.kubernetes.io/managed-by: orchestrationcluster-controller
    app.kubernetes.io/name: camunda-platform
    app.kubernetes.io/part-of: camunda-platform
    app.kubernetes.io/version: 8.8.0-alpha1
  name: camunda-orchestration-core-gateway
  namespace: camunda-orchestration-namespace
spec:
  ports:
  - name: http
    port: 8080
    targetPort: 0
  - name: management
    port: 9600
    targetPort: 0
  - name: gateway
    port: 26500
    targetPort: 0
  publishNotReadyAddresses: true
  selector:
    app: camunda-platform
    app.kubernetes.io/component: core
    app.kubernetes.io/instance: camunda-orchestration
    app.kubernetes.io/managed-by: orchestrationcluster-controller
    app.kubernetes.io/name: camunda-platform
    app.kubernetes.io/part-of: camunda-platform
  type: ClusterIP
status:
  loadBalancer: {}
